2026-05-10 00:24:30,334 [INFO] ══════════════════════════════════
2026-05-10 00:24:30,334 [INFO]   智慧取餐監控程式 v2 啟動
2026-05-10 00:24:30,334 [INFO]   Supabase: https://ixdowmddybxdesgdgecp.supabase.co
2026-05-10 00:24:30,335 [INFO]   等待刷卡...
2026-05-10 00:24:30,335 [INFO] ══════════════════════════════════
2026-05-10 00:24:58,432 [INFO] ══════════════════════════════════
2026-05-10 00:24:58,432 [INFO]   智慧取餐監控程式 v2 啟動
2026-05-10 00:24:58,433 [INFO]   Supabase: https://ixdowmddybxdesgdgecp.supabase.co
2026-05-10 00:24:58,433 [INFO]   等待刷卡...
2026-05-10 00:24:58,433 [INFO] ══════════════════════════════════
2026-05-10 00:26:00,872 [INFO] 程式結束，共處理 0 次刷卡
2026-05-10 00:26:12,580 [INFO] ══════════════════════════════════
2026-05-10 00:26:12,580 [INFO]   智慧取餐監控程式 v2 啟動
2026-05-10 00:26:12,581 [INFO]   Supabase: https://ixdowmddybxdesgdgecp.supabase.co
2026-05-10 00:26:12,581 [INFO]   等待刷卡...
2026-05-10 00:26:12,581 [INFO] ══════════════════════════════════
2026-05-10 00:26:59,056 [INFO] ══════════════════════════════════
2026-05-10 00:26:59,062 [INFO]   智慧取餐監控程式 v2 啟動
2026-05-10 00:26:59,063 [INFO]   Supabase: https://ixdowmddybxdesgdgecp.supabase.co
2026-05-10 00:26:59,063 [INFO]   等待刷卡...
2026-05-10 00:26:59,064 [INFO] ══════════════════════════════════
2026-05-10 01:46:29,523 [INFO] ══════════════════════════════════
2026-05-10 01:46:29,525 [INFO]   智慧取餐監控程式 v2 啟動
2026-05-10 01:46:29,525 [INFO]   Supabase: https://ixdowmddybxdesgdgecp.supabase.co
2026-05-10 01:46:29,526 [INFO]   等待刷卡...
2026-05-10 01:46:29,526 [INFO] ══════════════════════════════════
2026-05-10 01:49:02,018 [INFO] ══════════════════════════════════
2026-05-10 01:49:02,019 [INFO]   智慧取餐監控程式 v2 (Mac) 啟動
2026-05-10 01:49:02,019 [INFO]   Supabase: https://ixdowmddybxdesgdgecp.supabase.co
2026-05-10 01:49:02,020 [INFO]   等待刷卡...
2026-05-10 01:49:02,020 [INFO]   (按 Ctrl+C 結束)
2026-05-10 01:49:02,020 [INFO] ══════════════════════════════════
2026-05-10 01:49:29,524 [INFO] 程式結束，共處理 0 次刷卡
2026-05-10 01:49:32,983 [INFO] ══════════════════════════════════
2026-05-10 01:49:32,983 [INFO]   智慧取餐監控程式 v2 (Mac) 啟動
2026-05-10 01:49:32,983 [INFO]   Supabase: https://ixdowmddybxdesgdgecp.supabase.co
2026-05-10 01:49:32,984 [INFO]   等待刷卡...
2026-05-10 01:49:32,984 [INFO]   (按 Ctrl+C 結束)
2026-05-10 01:49:32,984 [INFO] ══════════════════════════════════
2026-05-10 01:50:35,362 [INFO] [第1次] 偵測到卡號：大俺
2026-05-10 01:50:36,459 [WARNING] 卡號 大俺 查無學生
2026-05-10 01:50:48,243 [INFO] [第2次] 偵測到卡號：帶吧愛ㄢ
2026-05-10 01:50:48,435 [WARNING] 卡號 帶吧愛ㄢ 查無學生
2026-05-10 01:51:31,699 [INFO] [第3次] 偵測到卡號：2941746970
2026-05-10 01:51:32,268 [WARNING] 卡號 2941746970 查無學生
2026-05-10 01:51:38,269 [INFO] [第4次] 偵測到卡號：2941746970
2026-05-10 01:51:38,468 [WARNING] 卡號 2941746970 查無學生
2026-05-10 10:51:18,693 [INFO] 程式結束，共處理 4 次刷卡
2026-05-10 11:00:38,016 [INFO] ══════════════════════════════════
2026-05-10 11:00:38,018 [INFO]   智慧取餐監控程式 v2 (Mac) 啟動
2026-05-10 11:00:38,019 [INFO]   Supabase: https://ixdowmddybxdesgdgecp.supabase.co
2026-05-10 11:00:38,019 [INFO]   等待刷卡...
2026-05-10 11:00:38,019 [INFO]   (按 Ctrl+C 結束)
2026-05-10 11:00:38,019 [INFO] ══════════════════════════════════
2026-05-10 11:00:40,382 [INFO] [第1次] 偵測到卡號：2941746970
2026-05-10 11:00:41,543 [WARNING] 卡號 2941746970 查無學生
2026-05-10 11:00:49,043 [INFO] [第2次] 偵測到卡號：1428909073
2026-05-10 11:00:50,636 [INFO] 學生：陳小春
2026-05-10 11:00:50,858 [INFO] 打卡記錄：成功
2026-05-10 11:00:51,072 [INFO] 今日訂餐：無
2026-05-10 11:00:51,388 [INFO] 推送事件：成功
2026-05-10 11:01:10,472 [INFO] [第3次] 偵測到卡號：2941746970
2026-05-10 11:01:11,055 [WARNING] 卡號 2941746970 查無學生
2026-05-10 11:01:33,559 [INFO] [第4次] 偵測到卡號：1428909073
2026-05-10 11:01:34,039 [INFO] 學生：陳小春
2026-05-10 11:01:34,587 [INFO] 打卡記錄：失敗
2026-05-10 11:01:34,893 [INFO] 今日訂餐：無
2026-05-10 11:01:35,203 [INFO] 推送事件：成功
2026-05-10 11:03:14,368 [INFO] 程式結束，共處理 4 次刷卡
2026-05-10 11:06:37,950 [INFO] ══════════════════════════════════
2026-05-10 11:06:37,951 [INFO]   智慧取餐監控程式 v2 (Mac) 啟動
2026-05-10 11:06:37,954 [INFO]   Supabase: https://ixdowmddybxdesgdgecp.supabase.co
2026-05-10 11:06:37,954 [INFO]   等待刷卡...
2026-05-10 11:06:37,954 [INFO]   (按 Ctrl+C 結束)
2026-05-10 11:06:37,954 [INFO] ══════════════════════════════════
2026-05-10 11:06:48,389 [INFO] [第1次] 偵測到卡號：1428909073
2026-05-10 11:06:49,397 [INFO] 學生：陳小春
2026-05-10 11:06:49,678 [INFO] 打卡記錄：失敗
2026-05-10 11:06:49,936 [INFO] 今日訂餐：無
2026-05-10 11:06:50,157 [INFO] 推送事件：成功
2026-05-10 11:07:47,623 [INFO] [第2次] 偵測到卡號：戴ㄅㄢ˙
2026-05-10 11:07:47,982 [WARNING] 卡號 戴ㄅㄢ˙ 查無學生
2026-05-10 11:07:52,577 [INFO] [第3次] 偵測到卡號：戴ㄅㄢ˙2941746970
2026-05-10 11:07:52,875 [WARNING] 卡號 戴ㄅㄢ˙2941746970 查無學生
2026-05-10 11:07:57,249 [INFO] [第4次] 偵測到卡號：2941746970
2026-05-10 11:07:57,562 [WARNING] 卡號 2941746970 查無學生
2026-05-10 11:07:59,963 [INFO] [第5次] 偵測到卡號：2941746970
2026-05-10 11:08:00,193 [WARNING] 卡號 2941746970 查無學生
2026-05-10 11:08:35,093 [INFO] [第6次] 偵測到卡號：2941746970
2026-05-10 11:08:35,362 [WARNING] 卡號 2941746970 查無學生
2026-05-10 11:08:38,102 [INFO] [第7次] 偵測到卡號：1428909073
2026-05-10 11:08:38,313 [INFO] 學生：陳小春
2026-05-10 11:08:38,538 [INFO] 打卡記錄：失敗
2026-05-10 11:08:38,754 [INFO] 今日訂餐：無
2026-05-10 11:08:39,000 [INFO] 推送事件：成功
2026-05-10 11:30:54,291 [INFO] 程式結束，共處理 7 次刷卡
2026-05-10 11:30:56,992 [INFO] ══════════════════════════════════
2026-05-10 11:30:56,993 [INFO]   智慧取餐監控程式 v2 (Mac) 啟動
2026-05-10 11:30:56,993 [INFO]   Supabase: https://ixdowmddybxdesgdgecp.supabase.co
2026-05-10 11:30:56,993 [INFO]   等待刷卡...
2026-05-10 11:30:56,993 [INFO]   (按 Ctrl+C 結束)
2026-05-10 11:30:56,994 [INFO] ══════════════════════════════════
2026-05-10 11:31:52,822 [INFO] 程式結束，共處理 0 次刷卡
2026-05-10 11:31:59,870 [INFO] ══════════════════════════════════
2026-05-10 11:31:59,870 [INFO]   智慧取餐監控程式 v2 (Mac) 啟動
2026-05-10 11:31:59,870 [INFO]   Supabase: https://ixdowmddybxdesgdgecp.supabase.co
2026-05-10 11:31:59,870 [INFO]   等待刷卡...
2026-05-10 11:31:59,870 [INFO]   (按 Ctrl+C 結束)
2026-05-10 11:31:59,870 [INFO] ══════════════════════════════════
2026-05-10 11:32:26,193 [INFO] 程式結束，共處理 0 次刷卡
2026-05-10 11:32:52,269 [INFO] ══════════════════════════════════
2026-05-10 11:32:52,269 [INFO]   智慧取餐監控程式 v2 (Mac) 啟動
2026-05-10 11:32:52,269 [INFO]   Supabase: https://ixdowmddybxdesgdgecp.supabase.co
2026-05-10 11:32:52,269 [INFO]   等待刷卡...
2026-05-10 11:32:52,269 [INFO]   (按 Ctrl+C 結束)
2026-05-10 11:32:52,269 [INFO] ══════════════════════════════════
2026-05-10 11:33:24,258 [INFO] 程式結束，共處理 0 次刷卡
2026-05-10 11:33:37,447 [INFO] ══════════════════════════════════
2026-05-10 11:33:37,447 [INFO]   智慧取餐監控程式 v2 (Mac) 啟動
2026-05-10 11:33:37,447 [INFO]   Supabase: https://ixdowmddybxdesgdgecp.supabase.co
2026-05-10 11:33:37,447 [INFO]   等待刷卡...
2026-05-10 11:33:37,448 [INFO]   (按 Ctrl+C 結束)
2026-05-10 11:33:37,448 [INFO] ══════════════════════════════════
2026-05-10 11:34:44,066 [INFO] [第1次] 偵測到卡號：戴ㄅㄢ˙Python 程式          Supabase              網頁
2026-05-10 11:34:45,251 [WARNING] 卡號 戴ㄅㄢ˙Python 程式          Supabase              網頁 查無學生
2026-05-10 11:34:45,478 [INFO] 推送狀態: 201
2026-05-10 11:34:45,483 [INFO] 推送未知卡號：成功
2026-05-10 11:34:45,484 [INFO] [第2次] 偵測到卡號：|                    |                   |
2026-05-10 11:34:45,676 [WARNING] 卡號 |                    |                   | 查無學生
2026-05-10 11:34:45,862 [INFO] 推送狀態: 201
2026-05-10 11:34:45,884 [INFO] 推送未知卡號：成功
2026-05-10 11:34:45,884 [INFO] [第3次] 偵測到卡號：| 刷卡，寫入          |                   |
2026-05-10 11:34:46,086 [WARNING] 卡號 | 刷卡，寫入          |                   | 查無學生
2026-05-10 11:34:46,274 [INFO] 推送狀態: 201
2026-05-10 11:34:46,278 [INFO] 推送未知卡號：成功
2026-05-10 11:34:46,278 [INFO] [第4次] 偵測到卡號：|─── scan_events ───>|                   |
2026-05-10 11:34:46,461 [WARNING] 卡號 |─── scan_events ───>|                   | 查無學生
2026-05-10 11:34:46,634 [INFO] 推送狀態: 201
2026-05-10 11:34:46,638 [INFO] 推送未知卡號：成功
2026-05-10 11:34:46,638 [INFO] [第5次] 偵測到卡號：|                    | 發現有新資料！      |
2026-05-10 11:34:46,827 [WARNING] 卡號 |                    | 發現有新資料！      | 查無學生
2026-05-10 11:34:47,045 [INFO] 推送狀態: 201
2026-05-10 11:34:47,049 [INFO] 推送未知卡號：成功
2026-05-10 11:34:47,049 [INFO] [第6次] 偵測到卡號：|                    |──── 通知 ─────────>|
2026-05-10 11:34:47,236 [WARNING] 卡號 |                    |──── 通知 ─────────>| 查無學生
2026-05-10 11:34:47,418 [INFO] 推送狀態: 201
2026-05-10 11:34:47,422 [INFO] 推送未知卡號：成功
2026-05-10 11:35:46,918 [ERROR] 程式錯誤: [Errno 5] Input/output error
2026-05-10 11:36:23,080 [INFO] ══════════════════════════════════
2026-05-10 11:36:23,081 [INFO]   智慧取餐監控程式 v2 (Mac) 啟動
2026-05-10 11:36:23,081 [INFO]   Supabase: https://ixdowmddybxdesgdgecp.supabase.co
2026-05-10 11:36:23,081 [INFO]   等待刷卡...
2026-05-10 11:36:23,081 [INFO]   (按 Ctrl+C 結束)
2026-05-10 11:36:23,082 [INFO] ══════════════════════════════════
2026-05-10 11:36:25,730 [INFO] [第1次] 偵測到卡號：1428909073
2026-05-10 11:36:26,142 [INFO] 學生：陳小春
2026-05-10 11:36:26,362 [INFO] 打卡記錄：失敗
2026-05-10 11:36:26,604 [INFO] 今日訂餐：無
2026-05-10 11:36:26,903 [INFO] 推送狀態: 201
2026-05-10 11:36:26,907 [INFO] 推送事件：成功
2026-05-10 11:36:43,027 [INFO] [第2次] 偵測到卡號：2941746970
2026-05-10 11:36:43,732 [WARNING] 卡號 2941746970 查無學生
2026-05-10 11:36:43,988 [INFO] 推送狀態: 201
2026-05-10 11:36:43,992 [INFO] 推送未知卡號：成功
2026-05-10 11:37:23,645 [INFO] [第3次] 偵測到卡號：1428909073
2026-05-10 11:37:24,088 [INFO] 學生：陳小春
2026-05-10 11:37:24,394 [INFO] 打卡記錄：失敗
2026-05-10 11:37:24,669 [INFO] 今日訂餐：無
2026-05-10 11:37:25,317 [INFO] 推送狀態: 201
2026-05-10 11:37:25,321 [INFO] 推送事件：成功
2026-05-10 11:37:30,776 [INFO] [第4次] 偵測到卡號：2941746970
2026-05-10 11:37:31,052 [WARNING] 卡號 2941746970 查無學生
2026-05-10 11:37:31,297 [INFO] 推送狀態: 201
2026-05-10 11:37:31,300 [INFO] 推送未知卡號：成功
2026-05-10 12:04:51,449 [INFO] [第5次] 偵測到卡號：大俺
2026-05-10 12:04:53,081 [WARNING] 卡號 大俺 查無學生
2026-05-10 12:04:53,292 [INFO] 推送狀態: 201
2026-05-10 12:04:53,296 [INFO] 推送未知卡號：成功
2026-05-10 12:04:59,103 [INFO] [第6次] 偵測到卡號：帶吧愛ㄢ2941746970
2026-05-10 12:04:59,282 [WARNING] 卡號 帶吧愛ㄢ2941746970 查無學生
2026-05-10 12:04:59,462 [INFO] 推送狀態: 201
2026-05-10 12:04:59,467 [INFO] 推送未知卡號：成功
2026-05-10 12:05:07,423 [INFO] [第7次] 偵測到卡號：1428909073
2026-05-10 12:05:07,673 [INFO] 學生：陳小春
2026-05-10 12:05:07,889 [INFO] 打卡記錄：失敗
2026-05-10 12:05:08,082 [INFO] 今日訂餐：無
2026-05-10 12:05:08,250 [INFO] 推送狀態: 201
2026-05-10 12:05:08,253 [INFO] 推送事件：成功
2026-05-10 12:05:09,088 [INFO] [第8次] 偵測到卡號：1428909073
2026-05-10 12:05:09,269 [INFO] 學生：陳小春
2026-05-10 12:05:09,445 [INFO] 打卡記錄：失敗
2026-05-10 12:05:09,652 [INFO] 今日訂餐：無
2026-05-10 12:05:09,828 [INFO] 推送狀態: 201
2026-05-10 12:05:09,832 [INFO] 推送事件：成功
2026-05-10 12:05:13,077 [INFO] [第9次] 偵測到卡號：2941746970
2026-05-10 12:05:13,270 [WARNING] 卡號 2941746970 查無學生
2026-05-10 12:05:13,454 [INFO] 推送狀態: 201
2026-05-10 12:05:13,459 [INFO] 推送未知卡號：成功
2026-05-10 12:05:17,264 [INFO] [第10次] 偵測到卡號：1428909073
2026-05-10 12:05:17,445 [INFO] 學生：陳小春
2026-05-10 12:05:17,606 [INFO] 打卡記錄：失敗
2026-05-10 12:05:17,761 [INFO] 今日訂餐：無
2026-05-10 12:05:17,940 [INFO] 推送狀態: 201
2026-05-10 12:05:17,945 [INFO] 推送事件：成功
2026-05-10 12:05:27,022 [INFO] [第11次] 偵測到卡號：1428909073
2026-05-10 12:05:27,236 [INFO] 學生：陳小春
2026-05-10 12:05:27,399 [INFO] 打卡記錄：失敗
2026-05-10 12:05:27,607 [INFO] 今日訂餐：無
2026-05-10 12:05:27,770 [INFO] 推送狀態: 201
2026-05-10 12:05:27,775 [INFO] 推送事件：成功
2026-05-10 12:08:31,571 [INFO] [第12次] 偵測到卡號：1428909073
2026-05-10 12:08:32,309 [INFO] 學生：陳小春
2026-05-10 12:08:32,517 [INFO] 打卡記錄：失敗
2026-05-10 12:08:32,701 [INFO] 今日訂餐：無
2026-05-10 12:08:32,868 [INFO] 推送狀態: 201
2026-05-10 12:08:32,871 [INFO] 推送事件：成功
2026-05-10 12:08:36,426 [INFO] [第13次] 偵測到卡號：1428909073
2026-05-10 12:08:36,612 [INFO] 學生：陳小春
2026-05-10 12:08:36,779 [INFO] 打卡記錄：失敗
2026-05-10 12:08:36,951 [INFO] 今日訂餐：無
2026-05-10 12:08:37,152 [INFO] 推送狀態: 201
2026-05-10 12:08:37,156 [INFO] 推送事件：成功
2026-05-10 12:08:42,236 [INFO] [第14次] 偵測到卡號：2941746970
2026-05-10 12:08:42,413 [WARNING] 卡號 2941746970 查無學生
2026-05-10 12:08:42,570 [INFO] 推送狀態: 201
2026-05-10 12:08:42,574 [INFO] 推送未知卡號：成功
2026-05-10 12:10:08,963 [INFO] [第15次] 偵測到卡號：1428909073
2026-05-10 12:10:09,600 [INFO] 學生：陳小春
2026-05-10 12:10:09,796 [INFO] 打卡記錄：失敗
2026-05-10 12:10:09,965 [INFO] 今日訂餐：有
2026-05-10 12:10:10,134 [INFO] 推送狀態: 201
2026-05-10 12:10:10,138 [INFO] 推送事件：成功
2026-05-10 12:11:57,344 [INFO] [第16次] 偵測到卡號：1428909073
2026-05-10 12:11:58,029 [INFO] 學生：陳小春
2026-05-10 12:11:58,218 [INFO] 打卡記錄：失敗
2026-05-10 12:11:58,399 [INFO] 今日訂餐：有
2026-05-10 12:11:58,584 [INFO] 推送狀態: 201
2026-05-10 12:11:58,589 [INFO] 推送事件：成功
2026-05-10 12:12:12,516 [INFO] [第17次] 偵測到卡號：1428909073
2026-05-10 12:12:12,694 [INFO] 學生：陳小春
2026-05-10 12:12:12,874 [INFO] 打卡記錄：失敗
2026-05-10 12:12:13,058 [INFO] 今日訂餐：有
2026-05-10 12:12:13,221 [INFO] 推送狀態: 201
2026-05-10 12:12:13,225 [INFO] 推送事件：成功
2026-05-10 12:12:21,146 [INFO] [第18次] 偵測到卡號：1428909073
2026-05-10 12:12:21,316 [INFO] 學生：陳小春
2026-05-10 12:12:21,495 [INFO] 打卡記錄：失敗
2026-05-10 12:12:21,664 [INFO] 今日訂餐：有
2026-05-10 12:12:21,823 [INFO] 推送狀態: 201
2026-05-10 12:12:21,827 [INFO] 推送事件：成功
2026-05-10 12:12:24,383 [INFO] [第19次] 偵測到卡號：1428909073
2026-05-10 12:12:24,553 [INFO] 學生：陳小春
2026-05-10 12:12:24,730 [INFO] 打卡記錄：失敗
2026-05-10 12:12:24,903 [INFO] 今日訂餐：有
2026-05-10 12:12:25,071 [INFO] 推送狀態: 201
2026-05-10 12:12:25,076 [INFO] 推送事件：成功
2026-05-10 12:12:26,831 [INFO] [第20次] 偵測到卡號：2941746970
2026-05-10 12:12:27,008 [WARNING] 卡號 2941746970 查無學生
2026-05-10 12:12:27,190 [INFO] 推送狀態: 201
2026-05-10 12:12:27,195 [INFO] 推送未知卡號：成功
2026-05-10 14:21:09,962 [INFO] [第21次] 偵測到卡號：2941746970
2026-05-10 14:21:10,965 [WARNING] 卡號 2941746970 查無學生
2026-05-10 14:21:11,196 [INFO] 推送狀態: 201
2026-05-10 14:21:11,200 [INFO] 推送未知卡號：成功
2026-05-10 14:21:13,110 [INFO] [第22次] 偵測到卡號：1428909073
2026-05-10 14:21:13,319 [INFO] 學生：陳小春
2026-05-10 14:21:13,545 [INFO] 打卡記錄：失敗
2026-05-10 14:21:13,742 [INFO] 今日訂餐：有
2026-05-10 14:21:13,927 [INFO] 推送狀態: 201
2026-05-10 14:21:13,930 [INFO] 推送事件：成功
2026-05-10 14:24:39,616 [INFO] [第23次] 偵測到卡號：[C1428909073
2026-05-10 14:24:39,844 [WARNING] 卡號 [C1428909073 查無學生
2026-05-10 14:24:40,049 [INFO] 推送狀態: 201
2026-05-10 14:24:40,053 [INFO] 推送未知卡號：成功
2026-05-10 14:24:44,098 [INFO] [第24次] 偵測到卡號：1428909073
2026-05-10 14:24:44,303 [INFO] 學生：陳小春
2026-05-10 14:24:44,555 [INFO] 打卡記錄：失敗
2026-05-10 14:24:44,749 [INFO] 今日訂餐：有
2026-05-10 14:24:44,928 [INFO] 推送狀態: 201
2026-05-10 14:24:44,933 [INFO] 推送事件：成功
2026-05-10 14:26:34,042 [INFO] [第25次] 偵測到卡號：1428909073
2026-05-10 14:26:35,064 [INFO] 學生：陳小春
2026-05-10 14:26:35,271 [INFO] 打卡記錄：失敗
2026-05-10 14:26:35,443 [INFO] 今日訂餐：有
2026-05-10 14:26:35,613 [INFO] 推送狀態: 201
2026-05-10 14:26:35,620 [INFO] 推送事件：成功
2026-05-10 14:28:05,842 [INFO] [第26次] 偵測到卡號：1428909073
2026-05-10 14:28:06,024 [INFO] 學生：陳小春
2026-05-10 14:28:06,204 [INFO] 打卡記錄：失敗
2026-05-10 14:28:06,375 [INFO] 今日訂餐：有
2026-05-10 14:28:06,539 [INFO] 推送狀態: 201
2026-05-10 14:28:06,544 [INFO] 推送事件：成功
2026-05-10 14:28:13,214 [INFO] [第27次] 偵測到卡號：1428909073
2026-05-10 14:28:13,401 [INFO] 學生：陳小春
2026-05-10 14:28:13,558 [INFO] 打卡記錄：失敗
2026-05-10 14:28:13,737 [INFO] 今日訂餐：有
2026-05-10 14:28:13,893 [INFO] 推送狀態: 201
2026-05-10 14:28:13,897 [INFO] 推送事件：成功
2026-05-10 14:28:46,280 [INFO] [第28次] 偵測到卡號：1428909073
2026-05-10 14:28:46,850 [INFO] 學生：陳小春
2026-05-10 14:28:47,065 [INFO] 打卡記錄：失敗
2026-05-10 14:28:47,237 [INFO] 今日訂餐：有
2026-05-10 14:28:47,408 [INFO] 推送狀態: 201
2026-05-10 14:28:47,415 [INFO] 推送事件：成功
2026-05-10 14:29:41,602 [INFO] 程式結束，共處理 28 次刷卡
2026-05-10 14:31:08,041 [INFO] ══════════════════════════════════
2026-05-10 14:31:08,043 [INFO]   智慧取餐監控程式 v2 (Mac) 啟動
2026-05-10 14:31:08,043 [INFO]   Supabase: https://ixdowmddybxdesgdgecp.supabase.co
2026-05-10 14:31:08,044 [INFO]   等待刷卡...
2026-05-10 14:31:08,044 [INFO]   (按 Ctrl+C 結束)
2026-05-10 14:31:08,044 [INFO] ══════════════════════════════════
2026-05-10 14:31:15,292 [INFO] [第1次] 偵測到卡號：1428909073
2026-05-10 14:31:15,669 [INFO] 學生：陳小春
2026-05-10 14:31:15,878 [INFO] 打卡記錄：失敗
2026-05-10 14:31:16,055 [INFO] 今日訂餐：有
2026-05-10 14:31:16,223 [INFO] 推送狀態: 201
2026-05-10 14:31:16,228 [INFO] 推送事件：成功
2026-05-10 14:32:31,767 [INFO] [第2次] 偵測到卡號：1428909073
2026-05-10 14:32:31,940 [INFO] 學生：陳小春
2026-05-10 14:32:32,104 [INFO] 打卡記錄：失敗
2026-05-10 14:32:32,277 [INFO] 今日訂餐：有
2026-05-10 14:32:32,438 [INFO] 推送狀態: 201
2026-05-10 14:32:32,442 [INFO] 推送事件：成功
2026-05-10 14:33:09,649 [INFO] [第3次] 偵測到卡號：1428909073
2026-05-10 14:33:09,900 [INFO] 學生：陳小春
2026-05-10 14:33:10,071 [INFO] 打卡記錄：失敗
2026-05-10 14:33:10,240 [INFO] 今日訂餐：有
2026-05-10 14:33:10,396 [INFO] 推送狀態: 201
2026-05-10 14:33:10,401 [INFO] 推送事件：成功
2026-05-10 14:33:18,331 [INFO] [第4次] 偵測到卡號：1428909073
2026-05-10 14:33:18,507 [INFO] 學生：陳小春
2026-05-10 14:33:18,666 [INFO] 打卡記錄：失敗
2026-05-10 14:33:18,833 [INFO] 今日訂餐：有
2026-05-10 14:33:18,985 [INFO] 推送狀態: 201
2026-05-10 14:33:18,990 [INFO] 推送事件：成功
2026-05-10 14:33:19,137 [INFO] [第5次] 偵測到卡號：1428909073
2026-05-10 14:33:19,303 [INFO] 學生：陳小春
2026-05-10 14:33:19,461 [INFO] 打卡記錄：失敗
2026-05-10 14:33:19,617 [INFO] 今日訂餐：有
2026-05-10 14:33:19,769 [INFO] 推送狀態: 201
2026-05-10 14:33:19,774 [INFO] 推送事件：成功
2026-05-10 14:33:20,471 [INFO] [第6次] 偵測到卡號：1428909073
2026-05-10 14:33:20,623 [INFO] 學生：陳小春
2026-05-10 14:33:20,806 [INFO] 打卡記錄：失敗
2026-05-10 14:33:20,964 [INFO] 今日訂餐：有
2026-05-10 14:33:21,133 [INFO] 推送狀態: 201
2026-05-10 14:33:21,138 [INFO] 推送事件：成功
2026-05-10 14:33:29,464 [INFO] [第7次] 偵測到卡號：1428909073
2026-05-10 14:33:29,636 [INFO] 學生：陳小春
2026-05-10 14:33:29,830 [INFO] 打卡記錄：失敗
2026-05-10 14:33:29,993 [INFO] 今日訂餐：有
2026-05-10 14:33:30,169 [INFO] 推送狀態: 201
2026-05-10 14:33:30,173 [INFO] 推送事件：成功
2026-05-10 14:33:30,725 [INFO] [第8次] 偵測到卡號：1428909073
2026-05-10 14:33:30,881 [INFO] 學生：陳小春
2026-05-10 14:33:31,056 [INFO] 打卡記錄：失敗
2026-05-10 14:33:31,216 [INFO] 今日訂餐：有
2026-05-10 14:33:31,386 [INFO] 推送狀態: 201
2026-05-10 14:33:31,389 [INFO] 推送事件：成功
2026-05-10 14:33:32,238 [INFO] [第9次] 偵測到卡號：1428909073
2026-05-10 14:33:32,404 [INFO] 學生：陳小春
2026-05-10 14:33:32,576 [INFO] 打卡記錄：失敗
2026-05-10 14:33:32,735 [INFO] 今日訂餐：有
2026-05-10 14:33:32,900 [INFO] 推送狀態: 201
2026-05-10 14:33:32,905 [INFO] 推送事件：成功
2026-05-10 14:33:58,172 [INFO] [第10次] 偵測到卡號：2941746970
2026-05-10 14:33:58,353 [WARNING] 卡號 2941746970 查無學生
2026-05-10 14:33:58,520 [INFO] 推送狀態: 201
2026-05-10 14:33:58,524 [INFO] 推送未知卡號：成功
2026-05-10 14:34:01,609 [INFO] [第11次] 偵測到卡號：1428909073
2026-05-10 14:34:01,803 [INFO] 學生：陳小春
2026-05-10 14:34:01,966 [INFO] 打卡記錄：失敗
2026-05-10 14:34:02,139 [INFO] 今日訂餐：有
2026-05-10 14:34:02,297 [INFO] 推送狀態: 201
2026-05-10 14:34:02,302 [INFO] 推送事件：成功
2026-05-10 14:34:13,094 [INFO] [第12次] 偵測到卡號：2941746970
2026-05-10 14:34:13,261 [WARNING] 卡號 2941746970 查無學生
2026-05-10 14:34:13,434 [INFO] 推送狀態: 201
2026-05-10 14:34:13,438 [INFO] 推送未知卡號：成功
2026-05-10 14:34:15,809 [INFO] [第13次] 偵測到卡號：1428909073
2026-05-10 14:34:15,968 [INFO] 學生：陳小春
2026-05-10 14:34:16,146 [INFO] 打卡記錄：失敗
2026-05-10 14:34:16,311 [INFO] 今日訂餐：有
2026-05-10 14:34:16,490 [INFO] 推送狀態: 201
2026-05-10 14:34:16,494 [INFO] 推送事件：成功
2026-05-10 14:35:56,886 [INFO] [第14次] 偵測到卡號：1428909073
2026-05-10 14:35:57,077 [INFO] 學生：陳小春
2026-05-10 14:35:57,260 [INFO] 打卡記錄：失敗
2026-05-10 14:35:57,427 [INFO] 今日訂餐：有
2026-05-10 14:35:57,591 [INFO] 推送狀態: 201
2026-05-10 14:35:57,594 [INFO] 推送事件：成功
2026-05-10 14:36:00,818 [INFO] [第15次] 偵測到卡號：2941746970
2026-05-10 14:36:00,984 [WARNING] 卡號 2941746970 查無學生
2026-05-10 14:36:01,148 [INFO] 推送狀態: 201
2026-05-10 14:36:01,152 [INFO] 推送未知卡號：成功
2026-05-10 14:36:05,271 [INFO] [第16次] 偵測到卡號：2941746970
2026-05-10 14:36:05,446 [WARNING] 卡號 2941746970 查無學生
2026-05-10 14:36:05,617 [INFO] 推送狀態: 201
2026-05-10 14:36:05,621 [INFO] 推送未知卡號：成功
2026-05-10 14:36:29,319 [INFO] 程式結束，共處理 16 次刷卡
2026-05-10 14:46:54,039 [INFO] ══════════════════════════════════
2026-05-10 14:46:54,041 [INFO]   智慧取餐監控程式 v2 (Mac) 啟動
2026-05-10 14:46:54,041 [INFO]   Supabase: https://ixdowmddybxdesgdgecp.supabase.co
2026-05-10 14:46:54,041 [INFO]   等待刷卡...
2026-05-10 14:46:54,041 [INFO]   (按 Ctrl+C 結束)
2026-05-10 14:46:54,041 [INFO] ══════════════════════════════════
2026-05-10 14:47:29,508 [INFO] [第1次] 偵測到卡號：1428909073
2026-05-10 14:47:29,771 [INFO] 學生：陳小春
2026-05-10 14:47:29,986 [INFO] 打卡記錄：失敗
2026-05-10 14:47:30,159 [INFO] 今日訂餐：有
2026-05-10 14:47:30,335 [INFO] 推送狀態: 201
2026-05-10 14:47:30,340 [INFO] 推送事件：成功
2026-05-10 14:47:33,181 [INFO] [第2次] 偵測到卡號：1428909073
2026-05-10 14:47:33,353 [INFO] 學生：陳小春
2026-05-10 14:47:33,535 [INFO] 打卡記錄：失敗
2026-05-10 14:47:33,722 [INFO] 今日訂餐：有
2026-05-10 14:47:33,905 [INFO] 推送狀態: 201
2026-05-10 14:47:33,910 [INFO] 推送事件：成功
2026-05-10 15:40:06,604 [INFO] 程式結束，共處理 2 次刷卡
